/home/trivedia/data/e16/2pi/exp/e16_etgt_run_files/ntp_30825_pass1.a00.root
/home/trivedia/data/e16/2pi/exp/e16_etgt_run_files/ntp_30825_pass1.a01.root
/home/trivedia/data/e16/2pi/exp/e16_etgt_run_files/ntp_30825_pass1.a02.root
/home/trivedia/data/e16/2pi/exp/e16_etgt_run_files/ntp_30825_pass1.a03.root
/home/trivedia/data/e16/2pi/exp/e16_etgt_run_files/ntp_30825_pass1.a04.root
/home/trivedia/data/e16/2pi/exp/e16_etgt_run_files/ntp_30825_pass1.a05.root
#/home/trivedia/data/e16/2pi/exp/e16_etgt_run_files/ntp_30962_pass1.a00.root
#/home/trivedia/data/e16/2pi/exp/e16_etgt_run_files/ntp_30962_pass1.a01.root
#/home/trivedia/data/e16/2pi/exp/e16_etgt_run_files/ntp_30962_pass1.a02.root
#/home/trivedia/data/e16/2pi/exp/e16_etgt_run_files/ntp_30962_pass1.a03.root
#/home/trivedia/data/e16/2pi/exp/e16_etgt_run_files/ntp_30962_pass1.a04.root
#/home/trivedia/data/e16/2pi/exp/e16_etgt_run_files/ntp_31104_pass1.a00.root
#/home/trivedia/data/e16/2pi/exp/e16_etgt_run_files/ntp_31104_pass1.a01.root
#/home/trivedia/data/e16/2pi/exp/e16_etgt_run_files/ntp_31104_pass1.a02.root
#/home/trivedia/data/e16/2pi/exp/e16_etgt_run_files/ntp_31104_pass1.a03.root
#/home/trivedia/data/e16/2pi/exp/e16_etgt_run_files/ntp_31104_pass1.a04.root
#/home/trivedia/data/e16/2pi/exp/e16_etgt_run_files/ntp_31104_pass1.a05.root
/home/trivedia/data/e16/2pi/exp/e16_etgt_run_files/ntp_31128_pass1.a00.root
/home/trivedia/data/e16/2pi/exp/e16_etgt_run_files/ntp_31128_pass1.a01.root
/home/trivedia/data/e16/2pi/exp/e16_etgt_run_files/ntp_31128_pass1.a02.root
/home/trivedia/data/e16/2pi/exp/e16_etgt_run_files/ntp_31128_pass1.a03.root
/home/trivedia/data/e16/2pi/exp/e16_etgt_run_files/ntp_31128_pass1.a04.root
/home/trivedia/data/e16/2pi/exp/e16_etgt_run_files/ntp_31128_pass1.a05.root
#/home/trivedia/data/e16/2pi/exp/e16_etgt_run_files/ntp_31252_pass1.a00.root
#/home/trivedia/data/e16/2pi/exp/e16_etgt_run_files/ntp_31252_pass1.a01.root
/home/trivedia/data/e16/2pi/exp/e16_etgt_run_files/ntp_31254_pass1.a00.root
/home/trivedia/data/e16/2pi/exp/e16_etgt_run_files/ntp_31254_pass1.a01.root
/home/trivedia/data/e16/2pi/exp/e16_etgt_run_files/ntp_31254_pass1.a02.root
/home/trivedia/data/e16/2pi/exp/e16_etgt_run_files/ntp_31254_pass1.a03.root
/home/trivedia/data/e16/2pi/exp/e16_etgt_run_files/ntp_31300_pass1.a00.root
/home/trivedia/data/e16/2pi/exp/e16_etgt_run_files/ntp_31300_pass1.a01.root
/home/trivedia/data/e16/2pi/exp/e16_etgt_run_files/ntp_31300_pass1.a02.root
/home/trivedia/data/e16/2pi/exp/e16_etgt_run_files/ntp_31344_pass1.a00.root
/home/trivedia/data/e16/2pi/exp/e16_etgt_run_files/ntp_31344_pass1.a01.root
/home/trivedia/data/e16/2pi/exp/e16_etgt_run_files/ntp_31344_pass1.a02.root
/home/trivedia/data/e16/2pi/exp/e16_etgt_run_files/ntp_31344_pass1.a03.root
/home/trivedia/data/e16/2pi/exp/e16_etgt_run_files/ntp_31344_pass1.a04.root
/home/trivedia/data/e16/2pi/exp/e16_etgt_run_files/ntp_31344_pass1.a05.root
