/data/trivedia/e16/2pi/sim/sim4-sample/recon/100.root
/data/trivedia/e16/2pi/sim/sim4-sample/recon/101.root
/data/trivedia/e16/2pi/sim/sim4-sample/recon/102.root
/data/trivedia/e16/2pi/sim/sim4-sample/recon/103.root
/data/trivedia/e16/2pi/sim/sim4-sample/recon/104.root
/data/trivedia/e16/2pi/sim/sim4-sample/recon/105.root
/data/trivedia/e16/2pi/sim/sim4-sample/recon/106.root
/data/trivedia/e16/2pi/sim/sim4-sample/recon/107.root
/data/trivedia/e16/2pi/sim/sim4-sample/recon/108.root
/data/trivedia/e16/2pi/sim/sim4-sample/recon/109.root
/data/trivedia/e16/2pi/sim/sim4-sample/recon/10.root
/data/trivedia/e16/2pi/sim/sim4-sample/recon/110.root
/data/trivedia/e16/2pi/sim/sim4-sample/recon/111.root
/data/trivedia/e16/2pi/sim/sim4-sample/recon/1123.root
/data/trivedia/e16/2pi/sim/sim4-sample/recon/1124.root
/data/trivedia/e16/2pi/sim/sim4-sample/recon/1125.root
/data/trivedia/e16/2pi/sim/sim4-sample/recon/1126.root
/data/trivedia/e16/2pi/sim/sim4-sample/recon/1127.root
/data/trivedia/e16/2pi/sim/sim4-sample/recon/112.root
/data/trivedia/e16/2pi/sim/sim4-sample/recon/113.root
/data/trivedia/e16/2pi/sim/sim4-sample/recon/114.root
/data/trivedia/e16/2pi/sim/sim4-sample/recon/115.root
/data/trivedia/e16/2pi/sim/sim4-sample/recon/116.root
/data/trivedia/e16/2pi/sim/sim4-sample/recon/1174.root
/data/trivedia/e16/2pi/sim/sim4-sample/recon/1175.root
/data/trivedia/e16/2pi/sim/sim4-sample/recon/1176.root
/data/trivedia/e16/2pi/sim/sim4-sample/recon/1177.root
/data/trivedia/e16/2pi/sim/sim4-sample/recon/1178.root
/data/trivedia/e16/2pi/sim/sim4-sample/recon/1179.root
/data/trivedia/e16/2pi/sim/sim4-sample/recon/117.root
/data/trivedia/e16/2pi/sim/sim4-sample/recon/1180.root
/data/trivedia/e16/2pi/sim/sim4-sample/recon/118.root
/data/trivedia/e16/2pi/sim/sim4-sample/recon/119.root
/data/trivedia/e16/2pi/sim/sim4-sample/recon/11.root
/data/trivedia/e16/2pi/sim/sim4-sample/recon/120.root
/data/trivedia/e16/2pi/sim/sim4-sample/recon/121.root
/data/trivedia/e16/2pi/sim/sim4-sample/recon/122.root
/data/trivedia/e16/2pi/sim/sim4-sample/recon/123.root
/data/trivedia/e16/2pi/sim/sim4-sample/recon/124.root
/data/trivedia/e16/2pi/sim/sim4-sample/recon/125.root
/data/trivedia/e16/2pi/sim/sim4-sample/recon/1267.root
/data/trivedia/e16/2pi/sim/sim4-sample/recon/1268.root
/data/trivedia/e16/2pi/sim/sim4-sample/recon/1269.root
/data/trivedia/e16/2pi/sim/sim4-sample/recon/126.root
/data/trivedia/e16/2pi/sim/sim4-sample/recon/1270.root
/data/trivedia/e16/2pi/sim/sim4-sample/recon/1271.root
/data/trivedia/e16/2pi/sim/sim4-sample/recon/1272.root
/data/trivedia/e16/2pi/sim/sim4-sample/recon/1273.root
/data/trivedia/e16/2pi/sim/sim4-sample/recon/1274.root
/data/trivedia/e16/2pi/sim/sim4-sample/recon/1275.root
/data/trivedia/e16/2pi/sim/sim4-sample/recon/1276.root
/data/trivedia/e16/2pi/sim/sim4-sample/recon/1277.root
/data/trivedia/e16/2pi/sim/sim4-sample/recon/1278.root
/data/trivedia/e16/2pi/sim/sim4-sample/recon/1279.root
/data/trivedia/e16/2pi/sim/sim4-sample/recon/127.root
/data/trivedia/e16/2pi/sim/sim4-sample/recon/1280.root
/data/trivedia/e16/2pi/sim/sim4-sample/recon/1281.root
/data/trivedia/e16/2pi/sim/sim4-sample/recon/1282.root
/data/trivedia/e16/2pi/sim/sim4-sample/recon/1283.root
/data/trivedia/e16/2pi/sim/sim4-sample/recon/1284.root
/data/trivedia/e16/2pi/sim/sim4-sample/recon/1286.root
/data/trivedia/e16/2pi/sim/sim4-sample/recon/1287.root
/data/trivedia/e16/2pi/sim/sim4-sample/recon/1288.root
/data/trivedia/e16/2pi/sim/sim4-sample/recon/1289.root
/data/trivedia/e16/2pi/sim/sim4-sample/recon/128.root
/data/trivedia/e16/2pi/sim/sim4-sample/recon/1290.root
/data/trivedia/e16/2pi/sim/sim4-sample/recon/1291.root
/data/trivedia/e16/2pi/sim/sim4-sample/recon/1292.root
/data/trivedia/e16/2pi/sim/sim4-sample/recon/1293.root
/data/trivedia/e16/2pi/sim/sim4-sample/recon/1294.root
/data/trivedia/e16/2pi/sim/sim4-sample/recon/1295.root
/data/trivedia/e16/2pi/sim/sim4-sample/recon/1296.root
/data/trivedia/e16/2pi/sim/sim4-sample/recon/1297.root
/data/trivedia/e16/2pi/sim/sim4-sample/recon/1298.root
/data/trivedia/e16/2pi/sim/sim4-sample/recon/1299.root
/data/trivedia/e16/2pi/sim/sim4-sample/recon/129.root
/data/trivedia/e16/2pi/sim/sim4-sample/recon/12.root
/data/trivedia/e16/2pi/sim/sim4-sample/recon/1300.root
/data/trivedia/e16/2pi/sim/sim4-sample/recon/1301.root
/data/trivedia/e16/2pi/sim/sim4-sample/recon/1302.root
/data/trivedia/e16/2pi/sim/sim4-sample/recon/1303.root
/data/trivedia/e16/2pi/sim/sim4-sample/recon/1304.root
/data/trivedia/e16/2pi/sim/sim4-sample/recon/1305.root
/data/trivedia/e16/2pi/sim/sim4-sample/recon/1306.root
/data/trivedia/e16/2pi/sim/sim4-sample/recon/1307.root
/data/trivedia/e16/2pi/sim/sim4-sample/recon/1308.root
/data/trivedia/e16/2pi/sim/sim4-sample/recon/1309.root
/data/trivedia/e16/2pi/sim/sim4-sample/recon/130.root
/data/trivedia/e16/2pi/sim/sim4-sample/recon/131.root
/data/trivedia/e16/2pi/sim/sim4-sample/recon/1321.root
/data/trivedia/e16/2pi/sim/sim4-sample/recon/1322.root
/data/trivedia/e16/2pi/sim/sim4-sample/recon/1323.root
/data/trivedia/e16/2pi/sim/sim4-sample/recon/132.root
/data/trivedia/e16/2pi/sim/sim4-sample/recon/1335.root
/data/trivedia/e16/2pi/sim/sim4-sample/recon/1336.root
/data/trivedia/e16/2pi/sim/sim4-sample/recon/1337.root
/data/trivedia/e16/2pi/sim/sim4-sample/recon/1338.root
/data/trivedia/e16/2pi/sim/sim4-sample/recon/1339.root
/data/trivedia/e16/2pi/sim/sim4-sample/recon/133.root
/data/trivedia/e16/2pi/sim/sim4-sample/recon/1340.root
/data/trivedia/e16/2pi/sim/sim4-sample/recon/1342.root
/data/trivedia/e16/2pi/sim/sim4-sample/recon/1343.root
/data/trivedia/e16/2pi/sim/sim4-sample/recon/1344.root
/data/trivedia/e16/2pi/sim/sim4-sample/recon/1345.root
/data/trivedia/e16/2pi/sim/sim4-sample/recon/1346.root
/data/trivedia/e16/2pi/sim/sim4-sample/recon/1347.root
/data/trivedia/e16/2pi/sim/sim4-sample/recon/1348.root
/data/trivedia/e16/2pi/sim/sim4-sample/recon/1349.root
/data/trivedia/e16/2pi/sim/sim4-sample/recon/134.root
/data/trivedia/e16/2pi/sim/sim4-sample/recon/1350.root
/data/trivedia/e16/2pi/sim/sim4-sample/recon/1351.root
/data/trivedia/e16/2pi/sim/sim4-sample/recon/1352.root
/data/trivedia/e16/2pi/sim/sim4-sample/recon/1353.root
/data/trivedia/e16/2pi/sim/sim4-sample/recon/1354.root
/data/trivedia/e16/2pi/sim/sim4-sample/recon/1355.root
/data/trivedia/e16/2pi/sim/sim4-sample/recon/1356.root
/data/trivedia/e16/2pi/sim/sim4-sample/recon/1357.root
/data/trivedia/e16/2pi/sim/sim4-sample/recon/1358.root
/data/trivedia/e16/2pi/sim/sim4-sample/recon/1359.root
/data/trivedia/e16/2pi/sim/sim4-sample/recon/135.root
/data/trivedia/e16/2pi/sim/sim4-sample/recon/1360.root
/data/trivedia/e16/2pi/sim/sim4-sample/recon/1361.root
/data/trivedia/e16/2pi/sim/sim4-sample/recon/136.root
/data/trivedia/e16/2pi/sim/sim4-sample/recon/137.root
/data/trivedia/e16/2pi/sim/sim4-sample/recon/1384.root
/data/trivedia/e16/2pi/sim/sim4-sample/recon/1385.root
/data/trivedia/e16/2pi/sim/sim4-sample/recon/1386.root
/data/trivedia/e16/2pi/sim/sim4-sample/recon/1387.root
/data/trivedia/e16/2pi/sim/sim4-sample/recon/1388.root
/data/trivedia/e16/2pi/sim/sim4-sample/recon/1389.root
/data/trivedia/e16/2pi/sim/sim4-sample/recon/138.root
/data/trivedia/e16/2pi/sim/sim4-sample/recon/1390.root
/data/trivedia/e16/2pi/sim/sim4-sample/recon/1391.root
/data/trivedia/e16/2pi/sim/sim4-sample/recon/139.root
/data/trivedia/e16/2pi/sim/sim4-sample/recon/13.root
/data/trivedia/e16/2pi/sim/sim4-sample/recon/1403.root
/data/trivedia/e16/2pi/sim/sim4-sample/recon/1404.root
/data/trivedia/e16/2pi/sim/sim4-sample/recon/1405.root
/data/trivedia/e16/2pi/sim/sim4-sample/recon/1406.root
/data/trivedia/e16/2pi/sim/sim4-sample/recon/1407.root
/data/trivedia/e16/2pi/sim/sim4-sample/recon/1408.root
/data/trivedia/e16/2pi/sim/sim4-sample/recon/1409.root
/data/trivedia/e16/2pi/sim/sim4-sample/recon/140.root
/data/trivedia/e16/2pi/sim/sim4-sample/recon/1410.root
/data/trivedia/e16/2pi/sim/sim4-sample/recon/1411.root
/data/trivedia/e16/2pi/sim/sim4-sample/recon/1412.root
/data/trivedia/e16/2pi/sim/sim4-sample/recon/1413.root
/data/trivedia/e16/2pi/sim/sim4-sample/recon/1414.root
/data/trivedia/e16/2pi/sim/sim4-sample/recon/1415.root
/data/trivedia/e16/2pi/sim/sim4-sample/recon/1416.root
/data/trivedia/e16/2pi/sim/sim4-sample/recon/1417.root
/data/trivedia/e16/2pi/sim/sim4-sample/recon/1418.root
/data/trivedia/e16/2pi/sim/sim4-sample/recon/1419.root
/data/trivedia/e16/2pi/sim/sim4-sample/recon/141.root
/data/trivedia/e16/2pi/sim/sim4-sample/recon/1420.root
/data/trivedia/e16/2pi/sim/sim4-sample/recon/1421.root
/data/trivedia/e16/2pi/sim/sim4-sample/recon/1422.root
/data/trivedia/e16/2pi/sim/sim4-sample/recon/1423.root
/data/trivedia/e16/2pi/sim/sim4-sample/recon/1424.root
/data/trivedia/e16/2pi/sim/sim4-sample/recon/1425.root
/data/trivedia/e16/2pi/sim/sim4-sample/recon/1426.root
/data/trivedia/e16/2pi/sim/sim4-sample/recon/142.root
/data/trivedia/e16/2pi/sim/sim4-sample/recon/143.root
/data/trivedia/e16/2pi/sim/sim4-sample/recon/144.root
/data/trivedia/e16/2pi/sim/sim4-sample/recon/14.root
/data/trivedia/e16/2pi/sim/sim4-sample/recon/1.root
