/data/trivedia/e16/2pi/sim/sim9-sample/recon/10000.root
/data/trivedia/e16/2pi/sim/sim9-sample/recon/1000.root
/data/trivedia/e16/2pi/sim/sim9-sample/recon/1001.root
/data/trivedia/e16/2pi/sim/sim9-sample/recon/1002.root
/data/trivedia/e16/2pi/sim/sim9-sample/recon/1003.root
/data/trivedia/e16/2pi/sim/sim9-sample/recon/1004.root
/data/trivedia/e16/2pi/sim/sim9-sample/recon/1005.root
/data/trivedia/e16/2pi/sim/sim9-sample/recon/1006.root
/data/trivedia/e16/2pi/sim/sim9-sample/recon/1007.root
/data/trivedia/e16/2pi/sim/sim9-sample/recon/1008.root
/data/trivedia/e16/2pi/sim/sim9-sample/recon/1009.root
/data/trivedia/e16/2pi/sim/sim9-sample/recon/100.root
/data/trivedia/e16/2pi/sim/sim9-sample/recon/1010.root
/data/trivedia/e16/2pi/sim/sim9-sample/recon/1011.root
/data/trivedia/e16/2pi/sim/sim9-sample/recon/1012.root
/data/trivedia/e16/2pi/sim/sim9-sample/recon/1013.root
/data/trivedia/e16/2pi/sim/sim9-sample/recon/1014.root
/data/trivedia/e16/2pi/sim/sim9-sample/recon/1015.root
/data/trivedia/e16/2pi/sim/sim9-sample/recon/1016.root
/data/trivedia/e16/2pi/sim/sim9-sample/recon/1017.root
/data/trivedia/e16/2pi/sim/sim9-sample/recon/1018.root
/data/trivedia/e16/2pi/sim/sim9-sample/recon/1019.root
/data/trivedia/e16/2pi/sim/sim9-sample/recon/101.root
/data/trivedia/e16/2pi/sim/sim9-sample/recon/1020.root
/data/trivedia/e16/2pi/sim/sim9-sample/recon/1021.root
/data/trivedia/e16/2pi/sim/sim9-sample/recon/1022.root
/data/trivedia/e16/2pi/sim/sim9-sample/recon/1023.root
/data/trivedia/e16/2pi/sim/sim9-sample/recon/1024.root
/data/trivedia/e16/2pi/sim/sim9-sample/recon/1025.root
/data/trivedia/e16/2pi/sim/sim9-sample/recon/1026.root
/data/trivedia/e16/2pi/sim/sim9-sample/recon/1027.root
/data/trivedia/e16/2pi/sim/sim9-sample/recon/1028.root
/data/trivedia/e16/2pi/sim/sim9-sample/recon/1029.root
/data/trivedia/e16/2pi/sim/sim9-sample/recon/102.root
/data/trivedia/e16/2pi/sim/sim9-sample/recon/1030.root
/data/trivedia/e16/2pi/sim/sim9-sample/recon/1031.root
/data/trivedia/e16/2pi/sim/sim9-sample/recon/1032.root
/data/trivedia/e16/2pi/sim/sim9-sample/recon/1033.root
/data/trivedia/e16/2pi/sim/sim9-sample/recon/1034.root
/data/trivedia/e16/2pi/sim/sim9-sample/recon/1035.root
/data/trivedia/e16/2pi/sim/sim9-sample/recon/1036.root
/data/trivedia/e16/2pi/sim/sim9-sample/recon/1037.root
/data/trivedia/e16/2pi/sim/sim9-sample/recon/1038.root
/data/trivedia/e16/2pi/sim/sim9-sample/recon/1039.root
/data/trivedia/e16/2pi/sim/sim9-sample/recon/103.root
/data/trivedia/e16/2pi/sim/sim9-sample/recon/1040.root
/data/trivedia/e16/2pi/sim/sim9-sample/recon/1041.root
/data/trivedia/e16/2pi/sim/sim9-sample/recon/1042.root
/data/trivedia/e16/2pi/sim/sim9-sample/recon/1043.root
/data/trivedia/e16/2pi/sim/sim9-sample/recon/1044.root
/data/trivedia/e16/2pi/sim/sim9-sample/recon/1045.root
/data/trivedia/e16/2pi/sim/sim9-sample/recon/1046.root
/data/trivedia/e16/2pi/sim/sim9-sample/recon/1047.root
/data/trivedia/e16/2pi/sim/sim9-sample/recon/1048.root
/data/trivedia/e16/2pi/sim/sim9-sample/recon/1049.root
/data/trivedia/e16/2pi/sim/sim9-sample/recon/104.root
/data/trivedia/e16/2pi/sim/sim9-sample/recon/1050.root
/data/trivedia/e16/2pi/sim/sim9-sample/recon/1051.root
/data/trivedia/e16/2pi/sim/sim9-sample/recon/1052.root
/data/trivedia/e16/2pi/sim/sim9-sample/recon/1053.root
/data/trivedia/e16/2pi/sim/sim9-sample/recon/1054.root
/data/trivedia/e16/2pi/sim/sim9-sample/recon/1055.root
/data/trivedia/e16/2pi/sim/sim9-sample/recon/1056.root
/data/trivedia/e16/2pi/sim/sim9-sample/recon/1057.root
/data/trivedia/e16/2pi/sim/sim9-sample/recon/1058.root
/data/trivedia/e16/2pi/sim/sim9-sample/recon/1059.root
/data/trivedia/e16/2pi/sim/sim9-sample/recon/105.root
/data/trivedia/e16/2pi/sim/sim9-sample/recon/1060.root
/data/trivedia/e16/2pi/sim/sim9-sample/recon/1061.root
/data/trivedia/e16/2pi/sim/sim9-sample/recon/1062.root
/data/trivedia/e16/2pi/sim/sim9-sample/recon/1063.root
/data/trivedia/e16/2pi/sim/sim9-sample/recon/1064.root
/data/trivedia/e16/2pi/sim/sim9-sample/recon/1065.root
/data/trivedia/e16/2pi/sim/sim9-sample/recon/1066.root
/data/trivedia/e16/2pi/sim/sim9-sample/recon/1067.root
/data/trivedia/e16/2pi/sim/sim9-sample/recon/1068.root
/data/trivedia/e16/2pi/sim/sim9-sample/recon/1069.root
/data/trivedia/e16/2pi/sim/sim9-sample/recon/106.root
/data/trivedia/e16/2pi/sim/sim9-sample/recon/1070.root
/data/trivedia/e16/2pi/sim/sim9-sample/recon/1071.root
/data/trivedia/e16/2pi/sim/sim9-sample/recon/1072.root
/data/trivedia/e16/2pi/sim/sim9-sample/recon/1074.root
/data/trivedia/e16/2pi/sim/sim9-sample/recon/1075.root
/data/trivedia/e16/2pi/sim/sim9-sample/recon/1076.root
/data/trivedia/e16/2pi/sim/sim9-sample/recon/1077.root
/data/trivedia/e16/2pi/sim/sim9-sample/recon/1078.root
/data/trivedia/e16/2pi/sim/sim9-sample/recon/1079.root
/data/trivedia/e16/2pi/sim/sim9-sample/recon/107.root
/data/trivedia/e16/2pi/sim/sim9-sample/recon/1080.root
/data/trivedia/e16/2pi/sim/sim9-sample/recon/1081.root
/data/trivedia/e16/2pi/sim/sim9-sample/recon/1082.root
/data/trivedia/e16/2pi/sim/sim9-sample/recon/1083.root
/data/trivedia/e16/2pi/sim/sim9-sample/recon/1084.root
/data/trivedia/e16/2pi/sim/sim9-sample/recon/1085.root
/data/trivedia/e16/2pi/sim/sim9-sample/recon/1086.root
/data/trivedia/e16/2pi/sim/sim9-sample/recon/1087.root
/data/trivedia/e16/2pi/sim/sim9-sample/recon/1088.root
/data/trivedia/e16/2pi/sim/sim9-sample/recon/1089.root
/data/trivedia/e16/2pi/sim/sim9-sample/recon/108.root
/data/trivedia/e16/2pi/sim/sim9-sample/recon/1090.root
/data/trivedia/e16/2pi/sim/sim9-sample/recon/1091.root
/data/trivedia/e16/2pi/sim/sim9-sample/recon/1092.root
/data/trivedia/e16/2pi/sim/sim9-sample/recon/1093.root
/data/trivedia/e16/2pi/sim/sim9-sample/recon/1094.root
/data/trivedia/e16/2pi/sim/sim9-sample/recon/1095.root
/data/trivedia/e16/2pi/sim/sim9-sample/recon/1096.root
/data/trivedia/e16/2pi/sim/sim9-sample/recon/1097.root
/data/trivedia/e16/2pi/sim/sim9-sample/recon/1098.root
/data/trivedia/e16/2pi/sim/sim9-sample/recon/1099.root
/data/trivedia/e16/2pi/sim/sim9-sample/recon/109.root
/data/trivedia/e16/2pi/sim/sim9-sample/recon/10.root
/data/trivedia/e16/2pi/sim/sim9-sample/recon/1100.root
/data/trivedia/e16/2pi/sim/sim9-sample/recon/1101.root
/data/trivedia/e16/2pi/sim/sim9-sample/recon/1102.root
/data/trivedia/e16/2pi/sim/sim9-sample/recon/1103.root
/data/trivedia/e16/2pi/sim/sim9-sample/recon/1104.root
/data/trivedia/e16/2pi/sim/sim9-sample/recon/1105.root
/data/trivedia/e16/2pi/sim/sim9-sample/recon/1106.root
/data/trivedia/e16/2pi/sim/sim9-sample/recon/1107.root
/data/trivedia/e16/2pi/sim/sim9-sample/recon/1108.root
/data/trivedia/e16/2pi/sim/sim9-sample/recon/1109.root
/data/trivedia/e16/2pi/sim/sim9-sample/recon/110.root
/data/trivedia/e16/2pi/sim/sim9-sample/recon/1110.root
/data/trivedia/e16/2pi/sim/sim9-sample/recon/1111.root
/data/trivedia/e16/2pi/sim/sim9-sample/recon/1112.root
/data/trivedia/e16/2pi/sim/sim9-sample/recon/1113.root
/data/trivedia/e16/2pi/sim/sim9-sample/recon/1114.root
/data/trivedia/e16/2pi/sim/sim9-sample/recon/1115.root
/data/trivedia/e16/2pi/sim/sim9-sample/recon/1116.root
/data/trivedia/e16/2pi/sim/sim9-sample/recon/1117.root
/data/trivedia/e16/2pi/sim/sim9-sample/recon/1118.root
/data/trivedia/e16/2pi/sim/sim9-sample/recon/1119.root
/data/trivedia/e16/2pi/sim/sim9-sample/recon/111.root
/data/trivedia/e16/2pi/sim/sim9-sample/recon/1120.root
/data/trivedia/e16/2pi/sim/sim9-sample/recon/1121.root
/data/trivedia/e16/2pi/sim/sim9-sample/recon/1122.root
/data/trivedia/e16/2pi/sim/sim9-sample/recon/1123.root
/data/trivedia/e16/2pi/sim/sim9-sample/recon/1124.root
/data/trivedia/e16/2pi/sim/sim9-sample/recon/1125.root
/data/trivedia/e16/2pi/sim/sim9-sample/recon/1126.root
/data/trivedia/e16/2pi/sim/sim9-sample/recon/1127.root
/data/trivedia/e16/2pi/sim/sim9-sample/recon/1128.root
/data/trivedia/e16/2pi/sim/sim9-sample/recon/1129.root
/data/trivedia/e16/2pi/sim/sim9-sample/recon/112.root
/data/trivedia/e16/2pi/sim/sim9-sample/recon/1130.root
/data/trivedia/e16/2pi/sim/sim9-sample/recon/1131.root
/data/trivedia/e16/2pi/sim/sim9-sample/recon/1132.root
/data/trivedia/e16/2pi/sim/sim9-sample/recon/1133.root
/data/trivedia/e16/2pi/sim/sim9-sample/recon/1134.root
/data/trivedia/e16/2pi/sim/sim9-sample/recon/1135.root
/data/trivedia/e16/2pi/sim/sim9-sample/recon/1136.root
/data/trivedia/e16/2pi/sim/sim9-sample/recon/1137.root
/data/trivedia/e16/2pi/sim/sim9-sample/recon/1138.root
/data/trivedia/e16/2pi/sim/sim9-sample/recon/1139.root
/data/trivedia/e16/2pi/sim/sim9-sample/recon/113.root
/data/trivedia/e16/2pi/sim/sim9-sample/recon/1140.root
/data/trivedia/e16/2pi/sim/sim9-sample/recon/1141.root
/data/trivedia/e16/2pi/sim/sim9-sample/recon/1142.root
/data/trivedia/e16/2pi/sim/sim9-sample/recon/1143.root
/data/trivedia/e16/2pi/sim/sim9-sample/recon/1144.root
/data/trivedia/e16/2pi/sim/sim9-sample/recon/1145.root
/data/trivedia/e16/2pi/sim/sim9-sample/recon/1146.root
/data/trivedia/e16/2pi/sim/sim9-sample/recon/1147.root
/data/trivedia/e16/2pi/sim/sim9-sample/recon/1148.root
/data/trivedia/e16/2pi/sim/sim9-sample/recon/1149.root
/data/trivedia/e16/2pi/sim/sim9-sample/recon/114.root
/data/trivedia/e16/2pi/sim/sim9-sample/recon/1150.root
/data/trivedia/e16/2pi/sim/sim9-sample/recon/1151.root
/data/trivedia/e16/2pi/sim/sim9-sample/recon/1152.root
/data/trivedia/e16/2pi/sim/sim9-sample/recon/1153.root
/data/trivedia/e16/2pi/sim/sim9-sample/recon/1154.root
/data/trivedia/e16/2pi/sim/sim9-sample/recon/1155.root
/data/trivedia/e16/2pi/sim/sim9-sample/recon/1156.root
/data/trivedia/e16/2pi/sim/sim9-sample/recon/1157.root
/data/trivedia/e16/2pi/sim/sim9-sample/recon/1158.root
/data/trivedia/e16/2pi/sim/sim9-sample/recon/1159.root
/data/trivedia/e16/2pi/sim/sim9-sample/recon/115.root
/data/trivedia/e16/2pi/sim/sim9-sample/recon/1160.root
/data/trivedia/e16/2pi/sim/sim9-sample/recon/1161.root
/data/trivedia/e16/2pi/sim/sim9-sample/recon/1162.root
/data/trivedia/e16/2pi/sim/sim9-sample/recon/1163.root
/data/trivedia/e16/2pi/sim/sim9-sample/recon/1164.root
/data/trivedia/e16/2pi/sim/sim9-sample/recon/1165.root
/data/trivedia/e16/2pi/sim/sim9-sample/recon/1166.root
/data/trivedia/e16/2pi/sim/sim9-sample/recon/1167.root
/data/trivedia/e16/2pi/sim/sim9-sample/recon/1168.root
/data/trivedia/e16/2pi/sim/sim9-sample/recon/1169.root
/data/trivedia/e16/2pi/sim/sim9-sample/recon/116.root
/data/trivedia/e16/2pi/sim/sim9-sample/recon/1170.root
/data/trivedia/e16/2pi/sim/sim9-sample/recon/1171.root
/data/trivedia/e16/2pi/sim/sim9-sample/recon/1172.root
/data/trivedia/e16/2pi/sim/sim9-sample/recon/1173.root
/data/trivedia/e16/2pi/sim/sim9-sample/recon/1174.root
/data/trivedia/e16/2pi/sim/sim9-sample/recon/1175.root
/data/trivedia/e16/2pi/sim/sim9-sample/recon/1176.root
/data/trivedia/e16/2pi/sim/sim9-sample/recon/1177.root
/data/trivedia/e16/2pi/sim/sim9-sample/recon/1178.root
/data/trivedia/e16/2pi/sim/sim9-sample/recon/1179.root
/data/trivedia/e16/2pi/sim/sim9-sample/recon/117.root
/data/trivedia/e16/2pi/sim/sim9-sample/recon/1180.root
/data/trivedia/e16/2pi/sim/sim9-sample/recon/1181.root
/data/trivedia/e16/2pi/sim/sim9-sample/recon/1182.root
/data/trivedia/e16/2pi/sim/sim9-sample/recon/1183.root
/data/trivedia/e16/2pi/sim/sim9-sample/recon/1184.root
/data/trivedia/e16/2pi/sim/sim9-sample/recon/1185.root
/data/trivedia/e16/2pi/sim/sim9-sample/recon/1186.root
/data/trivedia/e16/2pi/sim/sim9-sample/recon/1187.root
/data/trivedia/e16/2pi/sim/sim9-sample/recon/1188.root
/data/trivedia/e16/2pi/sim/sim9-sample/recon/1189.root
/data/trivedia/e16/2pi/sim/sim9-sample/recon/118.root
/data/trivedia/e16/2pi/sim/sim9-sample/recon/1190.root
/data/trivedia/e16/2pi/sim/sim9-sample/recon/1191.root
/data/trivedia/e16/2pi/sim/sim9-sample/recon/1192.root
/data/trivedia/e16/2pi/sim/sim9-sample/recon/1193.root
/data/trivedia/e16/2pi/sim/sim9-sample/recon/1194.root
/data/trivedia/e16/2pi/sim/sim9-sample/recon/1195.root
/data/trivedia/e16/2pi/sim/sim9-sample/recon/1196.root
/data/trivedia/e16/2pi/sim/sim9-sample/recon/1197.root
/data/trivedia/e16/2pi/sim/sim9-sample/recon/1198.root
/data/trivedia/e16/2pi/sim/sim9-sample/recon/1199.root
/data/trivedia/e16/2pi/sim/sim9-sample/recon/119.root
/data/trivedia/e16/2pi/sim/sim9-sample/recon/11.root
/data/trivedia/e16/2pi/sim/sim9-sample/recon/1200.root
/data/trivedia/e16/2pi/sim/sim9-sample/recon/1201.root
/data/trivedia/e16/2pi/sim/sim9-sample/recon/120.root
/data/trivedia/e16/2pi/sim/sim9-sample/recon/12.root
/data/trivedia/e16/2pi/sim/sim9-sample/recon/1.root
